// Jest Snapshot v1, https://goo.gl/fbAQLP

exports[`app should render 1`] = `
<div>
  <p>
    overlayed2 ux-core app
  </p>
</div>
`;
